\BOOKMARK [1][-]{song1-1.1}{\376\377\0001\000.\000\040\000P\000r\000e\000g\000h\000i\000e\000r\000a\000\040\000d\000i\000\040\000S\000a\000n\000\040\000F\000r\000a\000n\000c\000e\000s\000c\000o}{}% 1
\BOOKMARK [1][-]{song1-2.1}{\376\377\0002\000.\000\040\000P\000r\000e\000g\000h\000i\000e\000r\000a\000\040\000d\000e\000l\000l\000'\000e\000s\000p\000l\000o\000r\000a\000t\000o\000r\000e}{}% 2
\BOOKMARK [1][-]{song1-3.1}{\376\377\0003\000.\000\040\000P\000r\000e\000g\000h\000i\000e\000r\000a\000\040\000d\000e\000l\000l\000a\000\040\000g\000u\000i\000d\000a}{}% 3
\BOOKMARK [1][-]{song1-4.1}{\376\377\0004\000.\000\040\000P\000r\000e\000g\000h\000i\000e\000r\000a\000\040\000d\000e\000l\000\040\000R\000o\000v\000e\000r\000\040\000e\000\040\000d\000e\000l\000l\000a\000\040\000S\000c\000o\000l\000t\000a}{}% 4
\BOOKMARK [1][-]{song1-5.1}{\376\377\0005\000.\000\040\000P\000r\000e\000g\000h\000i\000e\000r\000a\000\040\000d\000e\000l\000\040\000C\000a\000p\000o}{}% 5
\BOOKMARK [1][-]{song1-6.1}{\376\377\0006\000.\000\040\000P\000r\000e\000g\000h\000i\000e\000r\000a\000\040\000d\000e\000l\000l\000'\000a\000l\000z\000a\000b\000a\000n\000d\000i\000e\000r\000a}{}% 6
\BOOKMARK [1][-]{song1-7.1}{\376\377\0007\000.\000\040\000P\000r\000e\000g\000h\000i\000e\000r\000a\000\040\000d\000e\000l\000l\000'\000a\000m\000m\000a\000i\000n\000a\000b\000a\000n\000d\000i\000e\000r\000a}{}% 7
\BOOKMARK [1][-]{song1-8.1}{\376\377\0008\000.\000\040\000P\000r\000e\000g\000h\000i\000e\000r\000a\000\040\000a\000\040\000S\000a\000n\000\040\000G\000i\000o\000r\000g\000i\000o}{}% 8
\BOOKMARK [1][-]{song1-9.1}{\376\377\0009\000.\000\040\000P\000r\000o\000m\000e\000s\000s\000a\000\040\000d\000e\000l\000\040\000L\000u\000p\000e\000t\000t\000o}{}% 9
\BOOKMARK [1][-]{song1-10.1}{\376\377\0001\0000\000.\000\040\000L\000e\000g\000g\000e\000\040\000d\000e\000l\000\040\000B\000r\000a\000n\000c\000o}{}% 10
\BOOKMARK [1][-]{song1-11.1}{\376\377\0001\0001\000.\000\040\000P\000r\000o\000m\000e\000s\000s\000a\000\040\000S\000c\000o\000u\000t}{}% 11
\BOOKMARK [1][-]{song1-12.1}{\376\377\0001\0002\000.\000\040\000L\000e\000g\000g\000e\000\040\000S\000c\000o\000u\000t}{}% 12
\BOOKMARK [1][-]{section*.2}{\376\377\000C\000a\000n\000z\000o\000n\000i\000\040\000p\000e\000r\000\040\000p\000r\000e\000g\000a\000r\000e}{}% 13
\BOOKMARK [1][-]{song2-1.1}{\376\377\0001\000.\000\040\000A\000L\000L\000E\000L\000U\000I\000A\000:\000\040\000E\000D\000\040\000O\000G\000G\000I\000\040\000A\000N\000C\000O\000R\000A}{}% 14
\BOOKMARK [1][-]{song2-2.1}{\376\377\0002\000.\000\040\000A\000L\000L\000E\000L\000U\000I\000A\000:\000\040\000L\000A\000\040\000N\000O\000S\000T\000R\000A\000\040\000F\000E\000S\000T\000A}{}% 15
\BOOKMARK [1][-]{song2-3.1}{\376\377\0003\000.\000\040\000A\000L\000L\000E\000L\000U\000I\000A\000:\000\040\000Q\000U\000E\000S\000T\000A\000\040\000T\000U\000A\000\040\000P\000A\000R\000O\000L\000A}{}% 16
\BOOKMARK [1][-]{song2-4.1}{\376\377\0004\000.\000\040\000A\000L\000L\000E\000L\000U\000I\000A\000:\000\040\000P\000A\000S\000S\000E\000R\000A\000N\000N\000O\000\040\000I\000\040\000C\000I\000E\000L\000I}{}% 17
\BOOKMARK [1][-]{song2-5.1}{\376\377\0005\000.\000\040\000A\000N\000D\000A\000T\000E\000\040\000P\000E\000R\000\040\000L\000E\000\040\000S\000T\000R\000A\000D\000E}{}% 18
\BOOKMARK [1][-]{song2-6.1}{\376\377\0006\000.\000\040\000A\000N\000G\000E\000L\000O\000\040\000D\000I\000\040\000D\000I\000O}{}% 19
\BOOKMARK [1][-]{song2-7.1}{\376\377\0007\000.\000\040\000A\000N\000N\000U\000N\000C\000E\000R\000E\000M\000O\000\040\000C\000H\000E\000\040\000T\000U}{}% 20
\BOOKMARK [1][-]{song2-8.1}{\376\377\0008\000.\000\040\000A\000V\000E\000\040\000M\000A\000R\000I\000A\000\040\000\050\000V\000E\000R\000B\000U\000M\000\040\000P\000A\000N\000I\000S\000\051}{}% 21
\BOOKMARK [1][-]{song2-9.1}{\376\377\0009\000.\000\040\000A\000V\000E\000\040\000S\000P\000L\000E\000N\000D\000O\000R\000E\000\040\000D\000E\000L\000\040\000M\000A\000T\000T\000I\000N\000O}{}% 22
\BOOKMARK [1][-]{song2-10.1}{\376\377\0001\0000\000.\000\040\000B\000E\000A\000T\000I\000T\000U\000D\000I\000N\000I}{}% 23
\BOOKMARK [1][-]{song2-11.1}{\376\377\0001\0001\000.\000\040\000B\000E\000N\000E\000D\000I\000C\000I}{}% 24
\BOOKMARK [1][-]{song2-12.1}{\376\377\0001\0002\000.\000\040\000C\000A\000N\000T\000I\000C\000O\000\040\000D\000E\000I\000\040\000R\000E\000D\000E\000N\000T\000I}{}% 25
\BOOKMARK [1][-]{song2-13.1}{\376\377\0001\0003\000.\000\040\000C\000A\000N\000T\000O\000\040\000D\000E\000L\000L\000'\000A\000M\000O\000R\000E}{}% 26
\BOOKMARK [1][-]{song2-14.1}{\376\377\0001\0004\000.\000\040\000C\000H\000I\000?}{}% 27
\BOOKMARK [1][-]{song2-15.1}{\376\377\0001\0005\000.\000\040\000C\000O\000M\000E\000'\000\310\000\040\000B\000E\000L\000L\000O\000\040\000D\000A\000R\000\040\000L\000O\000D\000E\000\040\000A\000L\000\040\000S\000I\000G\000N\000O\000R}{}% 28
\BOOKMARK [1][-]{song2-16.1}{\376\377\0001\0006\000.\000\040\000C\000R\000I\000S\000T\000O\000\040\000\310\000\040\000R\000I\000S\000O\000R\000T\000O\000\040\000V\000E\000R\000A\000M\000E\000N\000T\000E}{}% 29
\BOOKMARK [1][-]{song2-17.1}{\376\377\0001\0007\000.\000\040\000D\000A\000L\000L\000'\000A\000U\000R\000O\000R\000A\000\040\000A\000L\000\040\000T\000R\000A\000M\000O\000N\000T\000O}{}% 30
\BOOKMARK [1][-]{song2-18.1}{\376\377\0001\0008\000.\000\040\000\310\000\040\000B\000E\000L\000L\000O\000\040\000L\000O\000D\000A\000R\000T\000I}{}% 31
\BOOKMARK [1][-]{song2-19.1}{\376\377\0001\0009\000.\000\040\000E\000C\000C\000O\000\040\000I\000L\000\040\000N\000O\000S\000T\000R\000O\000\040\000S\000I}{}% 32
\BOOKMARK [1][-]{song2-20.1}{\376\377\0002\0000\000.\000\040\000F\000R\000U\000T\000T\000O\000\040\000D\000E\000L\000L\000A\000\040\000N\000O\000S\000T\000R\000A\000\040\000T\000E\000R\000R\000A}{}% 33
\BOOKMARK [1][-]{song2-21.1}{\376\377\0002\0001\000.\000\040\000G\000L\000O\000R\000I\000A\000\040\000\050\000H\000E\000N\000D\000E\000R\000S\000O\000N\000\051}{}% 34
\BOOKMARK [1][-]{song2-22.1}{\376\377\0002\0002\000.\000\040\000G\000L\000O\000R\000I\000A\000\040\000\050\000P\000I\000A\000Z\000Z\000O\000N\000\051}{}% 35
\BOOKMARK [1][-]{song2-23.1}{\376\377\0002\0003\000.\000\040\000G\000L\000O\000R\000I\000A\000\040\000\050\000P\000A\000S\000Q\000U\000A\000\040\000'\0007\0007\000\051}{}% 36
\BOOKMARK [1][-]{song2-24.1}{\376\377\0002\0004\000.\000\040\000G\000R\000A\000N\000D\000I\000\040\000C\000O\000S\000E}{}% 37
\BOOKMARK [1][-]{song2-25.1}{\376\377\0002\0005\000.\000\040\000I\000O\000\040\000L\000O\000D\000E\000R\000\322}{}% 38
\BOOKMARK [1][-]{song2-26.1}{\376\377\0002\0006\000.\000\040\000I\000S\000A\000I\000A\000\040\0001\0001}{}% 39
\BOOKMARK [1][-]{song2-27.1}{\376\377\0002\0007\000.\000\040\000L\000'\000A\000C\000Q\000U\000A\000\040\000L\000A\000\040\000T\000E\000R\000R\000A\000\040\000I\000L\000\040\000C\000I\000E\000L\000O}{}% 40
\BOOKMARK [1][-]{song2-28.1}{\376\377\0002\0008\000.\000\040\000L\000A\000U\000D\000A\000T\000O\000\040\000S\000I\000I}{}% 41
\BOOKMARK [1][-]{song2-29.1}{\376\377\0002\0009\000.\000\040\000L\000O\000\040\000S\000P\000I\000R\000I\000T\000O\000\040\000D\000E\000L\000\040\000S\000I\000G\000N\000O\000R\000E\000\040\000\310\000\040\000S\000U\000\040\000D\000I\000\040\000M\000E}{}% 42
\BOOKMARK [1][-]{song2-30.1}{\376\377\0003\0000\000.\000\040\000L\000'\000U\000N\000I\000C\000O\000\040\000M\000A\000E\000S\000T\000R\000O}{}% 43
\BOOKMARK [1][-]{song2-31.1}{\376\377\0003\0001\000.\000\040\000M\000A\000N\000I}{}% 44
\BOOKMARK [1][-]{song2-32.1}{\376\377\0003\0002\000.\000\040\000M\000I\000S\000S\000I\000O\000N\000E}{}% 45
\BOOKMARK [1][-]{song2-33.1}{\376\377\0003\0003\000.\000\040\000M\000U\000S\000I\000C\000A\000\040\000D\000I\000\040\000F\000E\000S\000T\000A}{}% 46
\BOOKMARK [1][-]{song2-34.1}{\376\377\0003\0004\000.\000\040\000O\000G\000N\000I\000\040\000M\000I\000A\000\040\000P\000A\000R\000O\000L\000A}{}% 47
\BOOKMARK [1][-]{song2-35.1}{\376\377\0003\0005\000.\000\040\000P\000A\000C\000E\000\040\000S\000I\000A\000,\000\040\000P\000A\000C\000E\000\040\000A\000\040\000V\000O\000I}{}% 48
\BOOKMARK [1][-]{song2-36.1}{\376\377\0003\0006\000.\000\040\000P\000A\000N\000E\000\040\000D\000E\000L\000\040\000C\000I\000E\000L\000O}{}% 49
\BOOKMARK [1][-]{song2-37.1}{\376\377\0003\0007\000.\000\040\000Q\000U\000A\000L\000E\000\040\000G\000I\000O\000I\000A}{}% 50
\BOOKMARK [1][-]{song2-38.1}{\376\377\0003\0008\000.\000\040\000R\000E\000S\000T\000A\000\040\000Q\000U\000I\000\040\000C\000O\000N\000\040\000N\000O\000I}{}% 51
\BOOKMARK [1][-]{song2-39.1}{\376\377\0003\0009\000.\000\040\000R\000E\000S\000U\000R\000R\000E\000Z\000I\000O\000N\000E}{}% 52
\BOOKMARK [1][-]{song2-40.1}{\376\377\0004\0000\000.\000\040\000S\000A\000L\000V\000E\000\040\000R\000E\000G\000I\000N\000A}{}% 53
\BOOKMARK [1][-]{song2-41.1}{\376\377\0004\0001\000.\000\040\000S\000A\000N\000\040\000F\000R\000A\000N\000C\000E\000S\000C\000O}{}% 54
\BOOKMARK [1][-]{song2-42.1}{\376\377\0004\0002\000.\000\040\000S\000A\000N\000T\000O}{}% 55
\BOOKMARK [1][-]{song2-43.1}{\376\377\0004\0003\000.\000\040\000S\000A\000N\000T\000O\000\040\000\050\000O\000S\000A\000N\000N\000A\000\040\000E\000H\000\051}{}% 56
\BOOKMARK [1][-]{song2-44.1}{\376\377\0004\0004\000.\000\040\000S\000E\000\040\000M\000'\000A\000C\000C\000O\000G\000L\000I}{}% 57
\BOOKMARK [1][-]{song2-45.1}{\376\377\0004\0005\000.\000\040\000S\000E\000R\000V\000O\000\040\000P\000E\000R\000\040\000A\000M\000O\000R\000E}{}% 58
\BOOKMARK [1][-]{song2-46.1}{\376\377\0004\0006\000.\000\040\000S\000U\000\040\000A\000L\000I\000\040\000D\000'\000A\000Q\000U\000I\000L\000A}{}% 59
\BOOKMARK [1][-]{song2-47.1}{\376\377\0004\0007\000.\000\040\000S\000Y\000M\000B\000O\000L\000U\000M\000\040\000'\0007\0007\000\040\000\050\000T\000U\000\040\000S\000E\000I\000\040\000L\000A\000\040\000M\000I\000A\000\040\000V\000I\000T\000A\000\051}{}% 60
\BOOKMARK [1][-]{song2-48.1}{\376\377\0004\0008\000.\000\040\000S\000Y\000M\000B\000O\000L\000U\000M\000\040\000'\0007\0008}{}% 61
\BOOKMARK [1][-]{song2-49.1}{\376\377\0004\0009\000.\000\040\000T\000E\000\040\000A\000L\000\040\000C\000E\000N\000T\000R\000O\000\040\000D\000E\000L\000\040\000M\000I\000O\000\040\000C\000U\000O\000R\000E}{}% 62
\BOOKMARK [1][-]{song2-50.1}{\376\377\0005\0000\000.\000\040\000T\000I\000\040\000R\000I\000N\000G\000R\000A\000Z\000I\000O}{}% 63
\BOOKMARK [1][-]{song2-51.1}{\376\377\0005\0001\000.\000\040\000T\000U\000\040\000S\000E\000I}{}% 64
\BOOKMARK [1][-]{song2-52.1}{\376\377\0005\0002\000.\000\040\000V\000E\000R\000B\000U\000M\000\040\000P\000A\000N\000I\000S}{}% 65
\BOOKMARK [1][-]{song2-53.1}{\376\377\0005\0003\000.\000\040\000V\000I\000V\000E\000R\000E\000\040\000L\000A\000\040\000V\000I\000T\000A}{}% 66
\BOOKMARK [1][-]{song2-54.1}{\376\377\0005\0004\000.\000\040\000V\000O\000C\000A\000Z\000I\000O\000N\000E}{}% 67
\BOOKMARK [1][-]{song3-1.1}{\376\377\0001\000.\000\040\000A\000L\000\040\000C\000A\000D\000E\000R\000\040\000D\000E\000L\000L\000A\000\040\000G\000I\000O\000R\000N\000A\000T\000A}{}% 68
\BOOKMARK [1][-]{song3-2.1}{\376\377\0002\000.\000\040\000A\000L\000\040\000C\000H\000I\000A\000R\000O\000R\000\040\000D\000E\000L\000\040\000M\000A\000T\000T\000I\000N}{}% 69
\BOOKMARK [1][-]{song3-3.1}{\376\377\0003\000.\000\040\000A\000K\000E\000L\000A\000\040\000A\000M\000A\000\040\000B\000A\000G\000H\000E\000E\000R\000A}{}% 70
\BOOKMARK [1][-]{song3-4.1}{\376\377\0004\000.\000\040\000A\000T\000T\000O\000R\000N\000O\000\040\000A\000L\000L\000A\000\040\000R\000U\000P\000E}{}% 71
\BOOKMARK [1][-]{song3-5.1}{\376\377\0005\000.\000\040\000B\000E\000L\000L\000A\000\040\000C\000I\000A\000O}{}% 72
\BOOKMARK [1][-]{song3-6.1}{\376\377\0006\000.\000\040\000C\000A\000N\000I\000\040\000R\000O\000S\000S\000I}{}% 73
\BOOKMARK [1][-]{song3-7.1}{\376\377\0007\000.\000\040\000C\000A\000N\000T\000O\000\040\000D\000E\000L\000L\000'\000A\000M\000I\000C\000I\000Z\000I\000A}{}% 74
\BOOKMARK [1][-]{song3-8.1}{\376\377\0008\000.\000\040\000C\000A\000N\000T\000O\000\040\000D\000E\000L\000L\000A\000\040\000P\000R\000O\000M\000E\000S\000S\000A}{}% 75
\BOOKMARK [1][-]{song3-9.1}{\376\377\0009\000.\000\040\000C\000A\000N\000T\000O\000\040\000D\000I\000\040\000M\000A\000R\000C\000I\000A}{}% 76
\BOOKMARK [1][-]{song3-10.1}{\376\377\0001\0000\000.\000\040\000C\000A\000V\000A\000L\000I\000E\000R\000E\000\040\000I\000O\000\040\000S\000A\000R\000\322}{}% 77
\BOOKMARK [1][-]{song3-11.1}{\376\377\0001\0001\000.\000\040\000C\000A\000R\000A\000M\000B\000A}{}% 78
\BOOKMARK [1][-]{song3-12.1}{\376\377\0001\0002\000.\000\040\000C\000E\000N\000E\000R\000E\000N\000T\000O\000L\000A}{}% 79
\BOOKMARK [1][-]{song3-13.1}{\376\377\0001\0003\000.\000\040\000C\000O\000L\000O\000R\000E\000\040\000D\000E\000L\000\040\000S\000O\000L\000E}{}% 80
\BOOKMARK [1][-]{song3-14.1}{\376\377\0001\0004\000.\000\040\000C\000O\000M\000E\000\040\000S\000O\000L\000E\000\040\000C\000O\000M\000E\000\040\000G\000O\000C\000C\000I\000A}{}% 81
\BOOKMARK [1][-]{song3-15.1}{\376\377\0001\0005\000.\000\040\000D\000A\000N\000Z\000A\000\040\000L\000A\000\040\000V\000I\000T\000A}{}% 82
\BOOKMARK [1][-]{song3-16.1}{\376\377\0001\0006\000.\000\040\000E\000\040\000D\000I\000\040\000N\000U\000O\000V\000O\000\040\000R\000O\000U\000T\000E}{}% 83
\BOOKMARK [1][-]{song3-17.1}{\376\377\0001\0007\000.\000\040\000\310\000\040\000L\000'\000O\000R\000A\000\040\000D\000E\000L\000L\000'\000A\000D\000D\000I\000O}{}% 84
\BOOKMARK [1][-]{song3-18.1}{\376\377\0001\0008\000.\000\040\000E\000I\000R\000E\000N\000E}{}% 85
\BOOKMARK [1][-]{song3-19.1}{\376\377\0001\0009\000.\000\040\000E\000\040\000L\000A\000\040\000S\000T\000R\000A\000D\000A\000\040\000S\000I\000\040\000A\000P\000R\000E}{}% 86
\BOOKMARK [1][-]{song3-20.1}{\376\377\0002\0000\000.\000\040\000E\000\040\000L\000E\000\040\000P\000E\000C\000O\000R\000E}{}% 87
\BOOKMARK [1][-]{song3-21.1}{\376\377\0002\0001\000.\000\040\000G\000R\000I\000D\000A\000\040\000N\000U\000O\000V\000A\000\040\000U\000M\000A\000N\000I\000T\000\300}{}% 88
\BOOKMARK [1][-]{song3-22.1}{\376\377\0002\0002\000.\000\040\000G\000U\000A\000R\000D\000A\000T\000E\000\040\000B\000E\000N\000E}{}% 89
\BOOKMARK [1][-]{song3-23.1}{\376\377\0002\0003\000.\000\040\000G\000U\000E\000N\000D\000A\000L\000I\000N\000A}{}% 90
\BOOKMARK [1][-]{song3-24.1}{\376\377\0002\0004\000.\000\040\000I\000\040\000F\000R\000A\000T\000E\000L\000L\000I\000\040\000D\000E\000L\000L\000A\000\040\000G\000I\000U\000N\000G\000L\000A}{}% 91
\BOOKMARK [1][-]{song3-25.1}{\376\377\0002\0005\000.\000\040\000I\000L\000\040\000F\000A\000L\000C\000O}{}% 92
\BOOKMARK [1][-]{song3-26.1}{\376\377\0002\0006\000.\000\040\000I\000\040\000P\000I\000R\000A\000T\000I\000\040\000B\000A\000L\000L\000A\000N\000O}{}% 93
\BOOKMARK [1][-]{song3-27.1}{\376\377\0002\0007\000.\000\040\000I\000L\000\040\000P\000I\000N\000G\000U\000I\000N\000O\000\040\000I\000N\000N\000A\000M\000O\000R\000A\000T\000O}{}% 94
\BOOKMARK [1][-]{song3-28.1}{\376\377\0002\0008\000.\000\040\000I\000L\000\040\000V\000A\000L\000Z\000E\000R\000\040\000D\000E\000L\000L\000E\000\040\000D\000I\000S\000P\000O\000N\000I\000B\000I\000L\000I\000T\000\300}{}% 95
\BOOKMARK [1][-]{song3-29.1}{\376\377\0002\0009\000.\000\040\000K\000A\000M\000A\000L\000U\000D\000U}{}% 96
\BOOKMARK [1][-]{song3-30.1}{\376\377\0003\0000\000.\000\040\000L\000A\000\040\000M\000E\000R\000I\000D\000I\000A\000N\000A}{}% 97
\BOOKMARK [1][-]{song3-31.1}{\376\377\0003\0001\000.\000\040\000L\000A\000\040\000G\000I\000O\000I\000A}{}% 98
\BOOKMARK [1][-]{song3-32.1}{\376\377\0003\0002\000.\000\040\000L\000A\000\040\000P\000I\000R\000O\000G\000A}{}% 99
\BOOKMARK [1][-]{song3-33.1}{\376\377\0003\0003\000.\000\040\000L\000A\000\040\000S\000T\000A\000G\000I\000O\000N\000E\000\040\000D\000E\000L\000L\000A\000\040\000C\000A\000C\000C\000I\000A}{}% 100
\BOOKMARK [1][-]{song3-34.1}{\376\377\0003\0004\000.\000\040\000L\000E\000\040\000M\000I\000L\000L\000E\000\040\000E\000\040\000U\000N\000A\000\040\000F\000I\000A\000B\000A}{}% 101
\BOOKMARK [1][-]{song3-35.1}{\376\377\0003\0005\000.\000\040\000L\000U\000C\000E\000\040\000R\000O\000S\000S\000A}{}% 102
\BOOKMARK [1][-]{song3-36.1}{\376\377\0003\0006\000.\000\040\000L\000U\000P\000O\000\040\000S\000A\000L\000T\000A\000\040\000S\000U}{}% 103
\BOOKMARK [1][-]{song3-37.1}{\376\377\0003\0007\000.\000\040\000M\000A\000D\000O\000N\000N\000A\000\040\000D\000E\000G\000L\000I\000\040\000S\000C\000O\000U\000T\000S}{}% 104
\BOOKMARK [1][-]{song3-38.1}{\376\377\0003\0008\000.\000\040\000O\000L\000E\000A\000N\000N\000A}{}% 105
\BOOKMARK [1][-]{song3-39.1}{\376\377\0003\0009\000.\000\040\000P\000E\000N\000D\000E\000\040\000U\000N\000\040\000U\000O\000M\000O}{}% 106
\BOOKMARK [1][-]{song3-40.1}{\376\377\0004\0000\000.\000\040\000P\000R\000E\000G\000H\000I\000E\000R\000A\000\040\000O\000R\000T\000O\000D\000O\000S\000S\000A}{}% 107
\BOOKMARK [1][-]{song3-41.1}{\376\377\0004\0001\000.\000\040\000P\000R\000O\000N\000T\000I\000\040\000A\000\040\000S\000E\000R\000V\000I\000R\000E}{}% 108
\BOOKMARK [1][-]{song3-42.1}{\376\377\0004\0002\000.\000\040\000R\000I\000C\000H\000I\000A\000M\000O\000\040\000D\000I\000\040\000C\000A\000C\000C\000I\000A}{}% 109
\BOOKMARK [1][-]{song3-43.1}{\376\377\0004\0003\000.\000\040\000S\000I\000G\000N\000O\000R\000\040\000F\000R\000A\000\040\000L\000E\000\040\000T\000E\000N\000D\000E\000\040\000S\000C\000H\000I\000E\000R\000A\000T\000I}{}% 110
\BOOKMARK [1][-]{song3-44.1}{\376\377\0004\0004\000.\000\040\000S\000I\000N\000F\000O\000N\000I\000A\000\040\000D\000E\000L\000L\000'\000A\000R\000A\000R\000A\000T}{}% 111
\BOOKMARK [1][-]{song3-45.1}{\376\377\0004\0005\000.\000\040\000S\000T\000R\000A\000D\000E\000\040\000D\000I\000\040\000C\000O\000R\000A\000G\000G\000I\000O}{}% 112
\BOOKMARK [1][-]{song3-46.1}{\376\377\0004\0006\000.\000\040\000S\000T\000R\000A\000D\000E\000\040\000E\000\040\000P\000E\000N\000S\000I\000E\000R\000I\000\040\000P\000E\000R\000\040\000D\000O\000M\000A\000N\000I}{}% 113
\BOOKMARK [1][-]{song3-47.1}{\376\377\0004\0007\000.\000\040\000T\000E\000R\000R\000A\000\040\000D\000I\000\040\000B\000E\000T\000U\000L\000L\000A}{}% 114
\BOOKMARK [1][-]{song3-48.1}{\376\377\0004\0008\000.\000\040\000U\000L\000A\000\040\000U\000L\000A}{}% 115
\BOOKMARK [1][-]{song3-49.1}{\376\377\0004\0009\000.\000\040\000U\000L\000U\000L\000A\000\040\000A\000L\000L\000A\000\040\000L\000U\000N\000A}{}% 116
\BOOKMARK [1][-]{song3-50.1}{\376\377\0005\0000\000.\000\040\000U\000N\000\040\000B\000R\000A\000V\000O\000\040\000L\000U\000P\000O}{}% 117
\BOOKMARK [1][-]{song4-1.1}{\376\377\0001\000.\000\040\000A\000L\000B\000A\000C\000H\000I\000A\000R\000A\000\040\000-\000\040\000V\000a\000s\000c\000o\000\040\000R\000o\000s\000s\000i}{}% 118
\BOOKMARK [1][-]{song4-2.1}{\376\377\0002\000.\000\040\000A\000L\000L\000\040\000S\000T\000A\000R\000\040\000-\000\040\000S\000m\000a\000s\000h\000\040\000M\000o\000u\000t\000h}{}% 119
\BOOKMARK [1][-]{song4-3.1}{\376\377\0003\000.\000\040\000A\000L\000L\000A\000\040\000F\000I\000E\000R\000A\000\040\000D\000E\000L\000L\000'\000E\000S\000T\000\040\000-\000\040\000B\000r\000a\000n\000d\000u\000a\000r\000d\000i}{}% 120
\BOOKMARK [1][-]{song4-4.1}{\376\377\0004\000.\000\040\000A\000\040\000M\000A\000N\000O\000\040\000A\000\040\000M\000A\000N\000O\000\040\000-\000\040\000R\000i\000n\000o\000\040\000G\000a\000e\000t\000a\000n\000o}{}% 121
\BOOKMARK [1][-]{song4-5.1}{\376\377\0005\000.\000\040\000A\000M\000O\000R\000E\000\040\000C\000H\000E\000\040\000V\000I\000E\000N\000I\000\040\000A\000M\000O\000R\000E\000\040\000C\000H\000E\000\040\000V\000A\000I\000\040\000-\000\040\000D\000e\000\040\000A\000n\000d\000r\000\351}{}% 122
\BOOKMARK [1][-]{song4-6.1}{\376\377\0006\000.\000\040\000A\000:\000\040\000T\000E\000\040\000-\000\040\000J\000o\000v\000a\000n\000o\000t\000t\000i}{}% 123
\BOOKMARK [1][-]{song4-7.1}{\376\377\0007\000.\000\040\000B\000O\000C\000C\000A\000\040\000D\000I\000\040\000R\000O\000S\000A\000\040\000-\000\040\000D\000e\000\040\000A\000n\000d\000r\000\351}{}% 124
\BOOKMARK [1][-]{song4-8.1}{\376\377\0008\000.\000\040\000B\000O\000T\000T\000I\000G\000L\000I\000E\000\040\000V\000U\000O\000T\000E}{}% 125
\BOOKMARK [1][-]{song4-9.1}{\376\377\0009\000.\000\040\000C\000A\000L\000L\000\040\000M\000E\000\040\000M\000A\000Y\000B\000E\000\040\000-\000\040\000C\000a\000r\000l\000y\000\040\000R\000a\000e\000\040\000J\000a\000s\000p\000e\000n}{}% 126
\BOOKMARK [1][-]{song4-10.1}{\376\377\0001\0000\000.\000\040\000C\000H\000I\000\040\000A\000R\000R\000I\000V\000A\000\040\000P\000R\000I\000M\000A\000\040\000A\000S\000P\000E\000T\000T\000A\000\040\000-\000\040\000R\000a\000t\000t\000i\000\040\000d\000e\000l\000l\000a\000\040\000S\000a\000b\000i\000n\000a}{}% 127
\BOOKMARK [1][-]{song4-11.1}{\376\377\0001\0001\000.\000\040\000C\000I\000\040\000S\000O\000N\000O\000\040\000A\000N\000C\000H\000'\000I\000O\000\040\000-\000\040\0008\0008\0003}{}% 128
\BOOKMARK [1][-]{song4-12.1}{\376\377\0001\0002\000.\000\040\000C\000O\000M\000E\000\040\000M\000A\000I\000\040\000-\000\040\0008\0008\0003}{}% 129
\BOOKMARK [1][-]{song4-13.1}{\376\377\0001\0003\000.\000\040\000C\000O\000U\000N\000T\000I\000N\000G\000\040\000S\000T\000A\000R\000S\000\040\000-\000\040\000O\000n\000e\000R\000e\000p\000u\000b\000l\000i\000c}{}% 130
\BOOKMARK [1][-]{song4-14.1}{\376\377\0001\0004\000.\000\040\000D\000I\000E\000C\000I\000\040\000R\000A\000G\000A\000Z\000Z\000E\000\040\000-\000\040\000B\000a\000t\000t\000i\000s\000t\000i}{}% 131
\BOOKMARK [1][-]{song4-15.1}{\376\377\0001\0005\000.\000\040\000D\000O\000N\000'\000T\000\040\000L\000O\000O\000K\000\040\000B\000A\000C\000K\000\040\000I\000N\000\040\000A\000N\000G\000E\000R\000\040\000-\000\040\000O\000a\000s\000i\000s}{}% 132
\BOOKMARK [1][-]{song4-16.1}{\376\377\0001\0006\000.\000\040\000D\000O\000V\000E\000\040\000E\000\040\000Q\000U\000A\000N\000D\000O\000\040\000-\000\040\000B\000e\000n\000j\000i\000\040\000e\000\040\000F\000e\000d\000e}{}% 133
\BOOKMARK [1][-]{song4-17.1}{\376\377\0001\0007\000.\000\040\000E\000L\000\040\000M\000I\000S\000M\000O\000\040\000S\000O\000L\000\040\000-\000\040\000A\000l\000v\000a\000r\000o\000\040\000S\000o\000l\000e\000r}{}% 134
\BOOKMARK [1][-]{song4-18.1}{\376\377\0001\0008\000.\000\040\000E\000P\000P\000U\000R\000E\000\040\000S\000O\000F\000F\000I\000A\000\040\000-\000\040\000B\000e\000r\000t\000o\000l\000i}{}% 135
\BOOKMARK [1][-]{song4-19.1}{\376\377\0001\0009\000.\000\040\000F\000I\000U\000M\000E\000\040\000S\000A\000N\000D\000\040\000C\000R\000E\000E\000K\000\040\000-\000\040\000D\000e\000\040\000A\000n\000d\000r\000\351}{}% 136
\BOOKMARK [1][-]{song4-20.1}{\376\377\0002\0000\000.\000\040\000G\000E\000O\000R\000D\000I\000E\000\040\000-\000\040\000D\000e\000\040\000A\000n\000d\000r\000\351}{}% 137
\BOOKMARK [1][-]{song4-21.1}{\376\377\0002\0001\000.\000\040\000G\000L\000I\000\040\000A\000N\000N\000I\000\040\000-\000\040\0008\0008\0003}{}% 138
\BOOKMARK [1][-]{song4-22.1}{\376\377\0002\0002\000.\000\040\000H\000A\000L\000L\000E\000L\000U\000J\000A\000H\000\040\000-\000\040\000C\000o\000h\000e\000n}{}% 139
\BOOKMARK [1][-]{song4-23.1}{\376\377\0002\0003\000.\000\040\000H\000A\000N\000N\000O\000\040\000U\000C\000C\000I\000S\000O\000\040\000L\000'\000U\000O\000M\000O\000\040\000R\000A\000G\000N\000O\000\040\000-\000\040\0008\0008\0003}{}% 140
\BOOKMARK [1][-]{song4-24.1}{\376\377\0002\0004\000.\000\040\000H\000A\000V\000E\000\040\000Y\000O\000U\000\040\000E\000V\000E\000R\000\040\000S\000E\000E\000N\000\040\000T\000H\000E\000\040\000R\000A\000I\000N\000\040\000-\000\040\000C\000C\000R}{}% 141
\BOOKMARK [1][-]{song4-25.1}{\376\377\0002\0005\000.\000\040\000H\000O\000U\000S\000E\000\040\000O\000F\000\040\000T\000H\000E\000\040\000R\000I\000S\000I\000N\000G\000\040\000S\000U\000N\000\040\000-\000\040\000T\000h\000e\000\040\000A\000n\000i\000m\000a\000l\000s}{}% 142
\BOOKMARK [1][-]{song4-26.1}{\376\377\0002\0006\000.\000\040\000I\000\040\000C\000E\000N\000T\000O\000\040\000P\000A\000S\000S\000I\000\040\000-\000\040\000M\000o\000d\000e\000n\000a\000\040\000C\000i\000t\000y\000\040\000R\000a\000m\000b\000l\000e\000r\000s}{}% 143
\BOOKMARK [1][-]{song4-27.1}{\376\377\0002\0007\000.\000\040\000I\000L\000\040\000C\000I\000E\000L\000O\000\040\000D\000'\000I\000R\000L\000A\000N\000D\000A\000\040\000-\000\040\000F\000i\000o\000r\000e\000l\000l\000a\000\040\000M\000a\000n\000n\000o\000i\000a}{}% 144
\BOOKMARK [1][-]{song4-28.1}{\376\377\0002\0008\000.\000\040\000I\000L\000\040\000F\000I\000L\000O\000\040\000R\000O\000S\000S\000O\000\040\000-\000\040\000A\000l\000f\000a}{}% 145
\BOOKMARK [1][-]{song4-29.1}{\376\377\0002\0009\000.\000\040\000I\000L\000\040\000G\000A\000T\000T\000O\000\040\000E\000\040\000L\000A\000\040\000V\000O\000L\000P\000E\000\040\000-\000\040\000B\000e\000n\000n\000a\000t\000o}{}% 146
\BOOKMARK [1][-]{song4-30.1}{\376\377\0003\0000\000.\000\040\000I\000L\000\040\000M\000I\000O\000\040\000C\000A\000N\000T\000O\000\040\000L\000I\000B\000E\000R\000O\000\040\000-\000\040\000B\000a\000t\000t\000i\000s\000t\000i}{}% 147
\BOOKMARK [1][-]{song4-31.1}{\376\377\0003\0001\000.\000\040\000I\000L\000\040\000P\000E\000S\000C\000A\000T\000O\000R\000E\000\040\000-\000\040\000D\000e\000\040\000A\000n\000d\000r\000\351}{}% 148
\BOOKMARK [1][-]{song4-32.1}{\376\377\0003\0002\000.\000\040\000I\000N\000\040\000U\000N\000\040\000G\000I\000O\000R\000N\000O\000\040\000D\000I\000\040\000P\000I\000O\000G\000G\000I\000A\000\040\000-\000\040\000M\000o\000d\000e\000n\000a\000\040\000C\000i\000t\000y\000\040\000R\000a\000m\000b\000l\000e\000r\000s}{}% 149
\BOOKMARK [1][-]{song4-33.1}{\376\377\0003\0003\000.\000\040\000I\000O\000\040\000V\000A\000G\000A\000B\000O\000N\000D\000O\000\040\000-\000\040\000N\000o\000m\000a\000d\000i}{}% 150
\BOOKMARK [1][-]{song4-34.1}{\376\377\0003\0004\000.\000\040\000I\000R\000I\000S\000\040\000-\000\040\000G\000o\000o\000\040\000G\000o\000o\000\040\000D\000o\000l\000l\000s}{}% 151
\BOOKMARK [1][-]{song4-35.1}{\376\377\0003\0005\000.\000\040\000I\000S\000L\000A\000N\000D\000A\000\040\000-\000\040\000P\000i\000n\000g\000u\000i\000n\000i\000\040\000T\000a\000t\000t\000i\000c\000i\000\040\000N\000u\000c\000l\000e\000a\000r\000e}{}% 152
\BOOKMARK [1][-]{song4-36.1}{\376\377\0003\0006\000.\000\040\000I\000\040\000W\000A\000S\000\040\000M\000A\000D\000E\000\040\000F\000O\000R\000\040\000L\000O\000V\000I\000N\000\040\000Y\000O\000U\000\040\000-\000\040\000K\000i\000s\000s}{}% 153
\BOOKMARK [1][-]{song4-37.1}{\376\377\0003\0007\000.\000\040\000K\000N\000O\000C\000K\000I\000N\000'\000\040\000O\000N\000\040\000H\000E\000A\000V\000E\000N\000'\000S\000\040\000D\000O\000O\000R\000\040\000-\000\040\000B\000o\000b\000\040\000D\000y\000l\000a\000n}{}% 154
\BOOKMARK [1][-]{song4-38.1}{\376\377\0003\0008\000.\000\040\000L\000A\000\040\000C\000A\000N\000Z\000O\000N\000E\000\040\000D\000E\000L\000\040\000S\000O\000L\000E\000\040\000-\000\040\000B\000a\000t\000t\000i\000s\000t\000i}{}% 155
\BOOKMARK [1][-]{song4-39.1}{\376\377\0003\0009\000.\000\040\000L\000A\000\040\000C\000O\000L\000L\000I\000N\000A\000\040\000D\000E\000I\000\040\000C\000I\000L\000I\000E\000G\000I\000\040\000-\000\040\000B\000a\000t\000t\000i\000s\000t\000i}{}% 156
\BOOKMARK [1][-]{song4-40.1}{\376\377\0004\0000\000.\000\040\000L\000A\000\040\000G\000U\000E\000R\000R\000A\000\040\000D\000I\000\040\000P\000I\000E\000R\000O\000\040\000-\000\040\000D\000e\000\040\000A\000n\000d\000r\000\351}{}% 157
\BOOKMARK [1][-]{song4-41.1}{\376\377\0004\0001\000.\000\040\000L\000A\000\040\000N\000U\000O\000V\000A\000\040\000S\000T\000E\000L\000L\000A\000\040\000D\000I\000\040\000B\000R\000O\000A\000D\000W\000A\000Y\000\040\000-\000\040\000C\000r\000e\000m\000o\000n\000i\000n\000i}{}% 158
\BOOKMARK [1][-]{song4-42.1}{\376\377\0004\0002\000.\000\040\000L\000A\000\040\000S\000T\000R\000A\000D\000A\000\040\000-\000\040\000M\000o\000d\000e\000n\000a\000\040\000C\000i\000t\000y\000\040\000R\000a\000m\000b\000l\000e\000r\000s}{}% 159
\BOOKMARK [1][-]{song4-43.1}{\376\377\0004\0003\000.\000\040\000L\000A\000K\000E\000\040\000W\000A\000S\000H\000I\000N\000G\000T\000O\000N\000\040\000B\000O\000U\000L\000E\000V\000A\000R\000D\000\040\000-\000\040\000P\000i\000n\000g\000u\000i\000n\000i\000\040\000T\000a\000t\000t\000i\000c\000i\000\040\000N\000u\000c\000l\000e\000a\000r\000i}{}% 160
\BOOKMARK [1][-]{song4-44.1}{\376\377\0004\0004\000.\000\040\000L\000E\000T\000\040\000H\000E\000R\000\040\000G\000O\000\040\000-\000\040\000P\000a\000s\000s\000e\000n\000g\000e\000r}{}% 161
\BOOKMARK [1][-]{song4-45.1}{\376\377\0004\0005\000.\000\040\000L\000E\000T\000\040\000I\000T\000\040\000B\000E\000\040\000-\000\040\000B\000e\000a\000t\000l\000e\000s}{}% 162
\BOOKMARK [1][-]{song4-46.1}{\376\377\0004\0006\000.\000\040\000L\000I\000N\000G\000E\000R\000\040\000-\000\040\000C\000r\000a\000n\000b\000e\000r\000r\000i\000e\000s}{}% 163
\BOOKMARK [1][-]{song4-47.1}{\376\377\0004\0007\000.\000\040\000L\000'\000I\000S\000O\000L\000A\000\040\000C\000H\000E\000\040\000N\000O\000N\000\040\000C\000'\000\310\000\040\000-\000\040\000B\000e\000n\000n\000a\000t\000o}{}% 164
\BOOKMARK [1][-]{song4-48.1}{\376\377\0004\0008\000.\000\040\000M\000A\000L\000E\000D\000E\000T\000T\000A\000\040\000P\000R\000I\000M\000A\000V\000E\000R\000A\000\040\000-\000\040\000L\000o\000r\000e\000t\000t\000a\000\040\000G\000o\000g\000g\000i}{}% 165
\BOOKMARK [1][-]{song4-49.1}{\376\377\0004\0009\000.\000\040\000M\000E\000\040\000S\000O\000'\000\040\000M\000B\000R\000I\000A\000C\000A\000T\000O\000\040\000-\000\040\000M\000a\000n\000n\000a\000r\000i\000n\000o}{}% 166
\BOOKMARK [1][-]{song4-50.1}{\376\377\0005\0000\000.\000\040\000N\000I\000N\000N\000A\000\040\000N\000A\000N\000N\000A\000\040\000-\000\040\000M\000o\000d\000e\000n\000a\000\040\000C\000i\000t\000y\000\040\000R\000a\000m\000b\000l\000e\000r\000s}{}% 167
\BOOKMARK [1][-]{song4-51.1}{\376\377\0005\0001\000.\000\040\000N\000O\000T\000T\000E\000\040\000P\000R\000I\000M\000A\000\040\000D\000E\000G\000L\000I\000\040\000E\000S\000A\000M\000I\000\040\000-\000\040\000V\000e\000n\000d\000i\000t\000t\000i}{}% 168
\BOOKMARK [1][-]{song4-52.1}{\376\377\0005\0002\000.\000\040\000P\000A\000S\000T\000E\000L\000L\000O\000\040\000B\000I\000A\000N\000C\000O\000\040\000-\000\040\000P\000i\000n\000g\000u\000i\000n\000i\000\040\000T\000a\000t\000t\000i\000c\000i\000\040\000N\000u\000c\000l\000e\000a\000r\000i}{}% 169
\BOOKMARK [1][-]{song4-53.1}{\376\377\0005\0003\000.\000\040\000P\000E\000R\000F\000E\000C\000T\000\040\000-\000\040\000E\000d\000\040\000S\000h\000e\000e\000r\000a\000n}{}% 170
\BOOKMARK [1][-]{song4-54.1}{\376\377\0005\0004\000.\000\040\000P\000E\000S\000C\000A\000T\000O\000R\000E\000\040\000-\000\040\000B\000e\000r\000t\000o\000l\000i}{}% 171
\BOOKMARK [1][-]{song4-55.1}{\376\377\0005\0005\000.\000\040\000P\000I\000N\000\040\000F\000L\000O\000I\000\040\000-\000\040\000P\000i\000t\000u\000r\000a\000\040\000F\000r\000e\000s\000k\000a}{}% 172
\BOOKMARK [1][-]{song4-56.1}{\376\377\0005\0006\000.\000\040\000Q\000U\000A\000L\000C\000O\000S\000A\000\040\000D\000I\000\040\000G\000R\000A\000N\000D\000E\000\040\000-\000\040\000L\000u\000n\000a\000p\000o\000p}{}% 173
\BOOKMARK [1][-]{song4-57.1}{\376\377\0005\0007\000.\000\040\000R\000I\000C\000O\000R\000D\000I\000\040\000-\000\040\000P\000i\000n\000g\000u\000i\000n\000i\000\040\000T\000a\000t\000t\000i\000c\000i\000\040\000N\000u\000c\000l\000e\000a\000r\000i}{}% 174
\BOOKMARK [1][-]{song4-58.1}{\376\377\0005\0008\000.\000\040\000R\000I\000D\000E\000R\000E\000\040\000-\000\040\000P\000i\000n\000g\000u\000i\000n\000i\000\040\000T\000a\000t\000t\000i\000c\000i\000\040\000N\000u\000c\000l\000e\000a\000r\000i}{}% 175
\BOOKMARK [1][-]{song4-59.1}{\376\377\0005\0009\000.\000\040\000R\000I\000P\000T\000I\000D\000E\000\040\000-\000\040\000V\000a\000n\000c\000e\000\040\000J\000o\000y}{}% 176
\BOOKMARK [1][-]{song4-60.1}{\376\377\0006\0000\000.\000\040\000S\000A\000M\000A\000R\000C\000A\000N\000D\000A\000\040\000-\000\040\000V\000e\000c\000c\000h\000i\000o\000n\000i}{}% 177
\BOOKMARK [1][-]{song4-61.1}{\376\377\0006\0001\000.\000\040\000S\000A\000R\000\300\000\040\000P\000E\000R\000C\000H\000\310\000\040\000T\000I\000\040\000A\000M\000O\000\040\000-\000\040\000R\000i\000c\000c\000h\000i\000\040\000e\000\040\000P\000o\000v\000e\000r\000i}{}% 178
\BOOKMARK [1][-]{song4-62.1}{\376\377\0006\0002\000.\000\040\000S\000C\000R\000I\000V\000I\000L\000E\000\040\000S\000C\000E\000M\000O\000\040\000-\000\040\000P\000i\000n\000g\000u\000i\000n\000i\000\040\000T\000a\000t\000t\000i\000c\000i\000\040\000N\000u\000c\000l\000e\000a\000r\000i}{}% 179
\BOOKMARK [1][-]{song4-63.1}{\376\377\0006\0003\000.\000\040\000S\000E\000I\000\040\000I\000N\000\040\000U\000N\000\040\000P\000A\000E\000S\000E\000\040\000M\000E\000R\000A\000V\000I\000G\000L\000I\000O\000S\000O\000\040\000-\000\040\000G\000i\000a\000n\000c\000a\000n\000e}{}% 180
\BOOKMARK [1][-]{song4-64.1}{\376\377\0006\0004\000.\000\040\000S\000O\000F\000\315\000A\000\040\000-\000\040\000A\000l\000v\000a\000r\000o\000\040\000S\000o\000l\000e\000r}{}% 181
\BOOKMARK [1][-]{song4-65.1}{\376\377\0006\0005\000.\000\040\000S\000O\000M\000E\000W\000H\000E\000R\000E\000\040\000O\000V\000E\000R\000\040\000T\000H\000E\000\040\000R\000A\000I\000N\000B\000O\000W\000\040\000-\000\040\000K\000a\000m\000a\000k\000a\000w\000i\000w\000o\040\031\000o\000l\000e}{}% 182
\BOOKMARK [1][-]{song4-66.1}{\376\377\0006\0006\000.\000\040\000S\000P\000A\000C\000E\000\040\000O\000D\000D\000I\000T\000Y\000\040\000-\000\040\000D\000a\000v\000i\000d\000\040\000B\000o\000w\000i\000e}{}% 183
\BOOKMARK [1][-]{song4-67.1}{\376\377\0006\0007\000.\000\040\000S\000T\000I\000T\000C\000H\000E\000S\000\040\000-\000\040\000S\000h\000a\000w\000n\000\040\000M\000e\000n\000d\000e\000s}{}% 184
\BOOKMARK [1][-]{song4-68.1}{\376\377\0006\0008\000.\000\040\000T\000A\000K\000E\000\040\000M\000E\000\040\000H\000O\000M\000E\000.\000\040\000C\000U\000N\000T\000R\000Y\000\040\000R\000O\000A\000D\000S\000\040\000-\000\040\000J\000o\000h\000n\000\040\000D\000e\000n\000v\000e\000r}{}% 185
\BOOKMARK [1][-]{song4-69.1}{\376\377\0006\0009\000.\000\040\000T\000R\000A\000\040\000L\000A\000\040\000L\000U\000N\000A\000\040\000E\000\040\000L\000A\000\040\000T\000U\000A\000\040\000S\000C\000H\000I\000E\000N\000A\000\040\000-\000\040\000R\000a\000t\000t\000i\000\040\000D\000e\000l\000l\000a\000\040\000S\000a\000b\000i\000n\000a}{}% 186
\BOOKMARK [1][-]{song4-70.1}{\376\377\0007\0000\000.\000\040\000V\000A\000I\000!\000\040\000-\000\040\000A\000l\000f\000a}{}% 187
\BOOKMARK [1][-]{song4-71.1}{\376\377\0007\0001\000.\000\040\000V\000E\000N\000G\000O\000\040\000D\000A\000L\000L\000A\000\040\000L\000U\000N\000A\000\040\000-\000\040\000C\000a\000p\000a\000r\000e\000z\000z\000a}{}% 188
\BOOKMARK [1][-]{song4-72.1}{\376\377\0007\0002\000.\000\040\000V\000I\000A\000\040\000D\000E\000L\000\040\000C\000A\000M\000P\000O\000\040\000-\000\040\000D\000e\000\040\000A\000n\000d\000r\000\351}{}% 189
\BOOKMARK [1][-]{song4-73.1}{\376\377\0007\0003\000.\000\040\000V\000O\000R\000R\000E\000I\000\040\000M\000A\000\040\000N\000O\000N\000\040\000P\000O\000S\000T\000O\000\040\000-\000\040\000J\000-\000A\000x\000,\000\040\000F\000e\000d\000e\000z}{}% 190
\BOOKMARK [1][-]{song4-74.1}{\376\377\0007\0004\000.\000\040\000W\000O\000N\000D\000E\000R\000W\000A\000L\000L\000\040\000-\000\040\000O\000a\000s\000i\000s}{}% 191
\BOOKMARK [1][-]{song4-75.1}{\376\377\0007\0005\000.\000\040\000Y\000O\000U\000\040\000B\000E\000L\000O\000N\000G\000\040\000W\000I\000T\000H\000\040\000M\000E\000\040\000-\000\040\000T\000a\000y\000l\000o\000r\000\040\000S\000w\000i\000f\000t}{}% 192
\BOOKMARK [1][-]{song4-76.1}{\376\377\0007\0006\000.\000\040\000Z\000O\000M\000B\000I\000E\000\040\000-\000\040\000C\000r\000a\000n\000b\000e\000r\000r\000i\000e\000s}{}% 193
\BOOKMARK [1][-]{section*.5}{\376\377\000I\000n\000d\000i\000c\000e}{}% 194
\BOOKMARK [1][-]{section.1}{\376\377\000P\000r\000e\000g\000h\000i\000e\000r\000e}{}% 195
\BOOKMARK [1][-]{section.2}{\376\377\000C\000a\000n\000z\000o\000n\000i\000\040\000p\000e\000r\000\040\000P\000r\000e\000g\000a\000r\000e}{}% 196
\BOOKMARK [1][-]{section.3}{\376\377\000C\000a\000n\000z\000o\000n\000i\000\040\000I\000n\000t\000o\000r\000n\000o\000\040\000a\000l\000\040\000F\000u\000o\000c\000o}{}% 197
\BOOKMARK [1][-]{section.4}{\376\377\000C\000a\000n\000t\000a\000u\000t\000o\000r\000i}{}% 198
